// Jest Snapshot v1, https://goo.gl/fbAQLP

exports[`About component matches snapshot DOM node structure 1`] = `
<DocumentFragment>
  <div
    class="my-5"
  >
    <h1
      id="about"
    >
      About Me:
    </h1>
    <img
      alt="profile"
      class="my-2"
      src="profile-photo.jpg"
      style="width: 30%;"
    />
    <p>
      My name is Blair Seivers and I am an aspiring web developer. I have just completed the Coding Bootcamp through UNC and am eager to continue learning and practicing my skills.
    </p>
  </div>
</DocumentFragment>
`;
